// Jest Snapshot v1, https://goo.gl/fbAQLP

exports[`Testing Info Component <Info />  it renders 1`] = `null`;
